// Jest Snapshot v1, https://goo.gl/fbAQLP

exports[`App renders as expected 1`] = `
<div>
  <div
    class="layout"
  >
    <header
      class="layout__header"
    >
      <img
        alt="Bookatable by Michelin"
        class="header__img"
        src="bookatable-by-michelin-logo.svg"
      />
    </header>
    <main
      class="layout__body"
    >
      <h1>
        Overview
      </h1>
    </main>
  </div>
</div>
`;
